social_000001 phase2_teacher_batch_validation_relaxed: ValueError: replyStyles first clauses too similar (strategy not distinct)
social_000000 phase2_teacher_batch_validation_relaxed: ValueError: Direct too long: 26 words (max 22)
social_000004 phase2_teacher_batch_validation_relaxed: ValueError: replyStyles first clauses too similar (strategy not distinct)
social_000006 phase2_teacher_batch_validation_relaxed: ValueError: Thoughtful: single sentence only (no text after a period)
social_000007 phase2_teacher_batch_validation_relaxed: ValueError: replyStyles first clauses too similar (strategy not distinct)
social_000009 phase2_teacher_batch_validation_relaxed: ValueError: replyStyles first clauses too similar (strategy not distinct)
social_000010 phase2_teacher_batch_validation_relaxed: ValueError: replyStyles first clauses too similar (strategy not distinct)
social_000016 phase2_teacher_batch_validation_relaxed: ValueError: replyStyles first clauses too similar (strategy not distinct)
social_000018 phase2_teacher_batch_validation_relaxed: ValueError: replyStyles first clauses too similar (strategy not distinct)
social_000027 phase2_teacher_batch_validation_relaxed: ValueError: Agree length out of range: 26 words (expected 2-18)
social_000031 phase2_teacher_batch_validation_relaxed: ValueError: overly formal phrase found: "genuinely"
social_000034 phase2_teacher_batch_validation_relaxed: ValueError: replyStyles first clauses too similar (strategy not distinct)
social_000033 phase2_teacher_batch_validation_relaxed: ValueError: replyStyles first clauses too similar (strategy not distinct)
social_000041 phase2_teacher_batch_validation_relaxed: ValueError: replyStyles first clauses too similar (strategy not distinct)
social_000040 phase2_teacher_batch_validation_relaxed: ValueError: replyStyles first clauses too similar (strategy not distinct)
social_000045 phase2_teacher_batch_validation_relaxed: ValueError: replyStyles first clauses too similar (strategy not distinct)
social_000047 phase2_teacher_batch_validation_relaxed: ValueError: replyStyles first clauses too similar (strategy not distinct)
social_000046 phase2_teacher_batch_validation_relaxed: ValueError: suggestions too similar pairwise (max ratio 0.94)
social_000048 phase2_teacher_batch_validation_relaxed: ValueError: replyStyles first clauses too similar (strategy not distinct)
social_000049 phase2_teacher_batch_validation_relaxed: ValueError: overly formal phrase found: "genuinely"
social_000055 phase2_teacher_batch_validation_relaxed: ValueError: replyStyles first clauses too similar (strategy not distinct)
social_000064 phase2_teacher_batch_validation_relaxed: ValueError: Agree length out of range: 22 words (expected 2-18)
social_000067 phase2_teacher_batch_validation_relaxed: ValueError: replyStyles first clauses too similar (strategy not distinct)
social_000068 phase2_teacher_batch_validation_relaxed: ValueError: Direct too long: 24 words (max 22)
social_000071 phase2_teacher_batch_validation_relaxed: ValueError: replyStyles first clauses too similar (strategy not distinct)
social_000072 phase2_teacher_batch_validation_relaxed: ValueError: replyStyles first clauses too similar (strategy not distinct)
social_000074 phase2_teacher_batch_validation_relaxed: ValueError: replyStyles first clauses too similar (strategy not distinct)
social_000080 phase2_teacher_batch_validation_relaxed: ValueError: replyStyles first clauses too similar (strategy not distinct)
social_000084 phase2_teacher_batch_validation_relaxed: ValueError: Soft Decline length out of range: 26 words (expected 5-24)
social_000090 phase2_teacher_batch_validation_relaxed: ValueError: replyStyles first clauses too similar (strategy not distinct)
social_000098 phase2_teacher_batch_validation_relaxed: ValueError: replyStyles first clauses too similar (strategy not distinct)
social_000100 phase2_teacher_batch_validation_relaxed: ValueError: replyStyles first clauses too similar (strategy not distinct)
social_000102 phase2_teacher_batch_validation_relaxed: ValueError: replyStyles first clauses too similar (strategy not distinct)
social_000105 phase2_teacher_batch_validation_relaxed: ValueError: Soft Decline length out of range: 26 words (expected 5-24)
social_000106 phase2_teacher_batch: JSONDecodeError: Extra data: line 3 column 1 (char 383)
social_000107 phase2_teacher_batch_validation_relaxed: ValueError: replyStyles first clauses too similar (strategy not distinct)
social_000109 phase2_teacher_batch_validation_relaxed: ValueError: Agree length out of range: 19 words (expected 2-18)
social_000111 phase2_teacher_batch_validation_relaxed: ValueError: decisionReply outputs too symmetric in length
social_000116 phase2_teacher_batch_validation_relaxed: ValueError: replyStyles first clauses too similar (strategy not distinct)
social_000121 phase2_teacher_batch_validation_relaxed: ValueError: replyStyles first clauses too similar (strategy not distinct)
social_000125 phase2_teacher_batch_validation_relaxed: ValueError: replyStyles first clauses too similar (strategy not distinct)
social_000128 phase2_teacher_batch_validation_relaxed: ValueError: replyStyles first clauses too similar (strategy not distinct)
social_000131 phase2_teacher_batch_validation_relaxed: ValueError: Thoughtful therapist-like phrase: "i hear you"
social_000132 phase2_teacher_batch_validation_relaxed: ValueError: replyStyles first clauses too similar (strategy not distinct)
social_000133 phase2_teacher_batch_validation_relaxed: ValueError: Direct too long: 24 words (max 22)
social_000134 phase2_teacher_batch_validation_relaxed: ValueError: Friendly too long: 29 words (max 28)
social_000137 phase2_teacher_batch_validation_relaxed: ValueError: overly formal phrase found: "genuinely"
social_000138 phase2_teacher_batch_validation_relaxed: ValueError: replyStyles first clauses too similar (strategy not distinct)
social_000140 phase2_teacher_batch_validation_relaxed: ValueError: replyStyles first clauses too similar (strategy not distinct)
social_000141 phase2_teacher_batch_validation_relaxed: ValueError: Agree length out of range: 19 words (expected 2-18)
social_000144 phase2_teacher_batch_validation_relaxed: ValueError: replyStyles first clauses too similar (strategy not distinct)
social_000146 phase2_teacher_batch_validation_relaxed: ValueError: Thoughtful: single sentence only (no text after a period)
social_000148 phase2_teacher_batch_validation_relaxed: ValueError: replyStyles first clauses too similar (strategy not distinct)
social_000153 phase2_teacher_batch_validation_relaxed: ValueError: replyStyles first clauses too similar (strategy not distinct)
social_000157 phase2_teacher_batch_validation_relaxed: ValueError: replyStyles first clauses too similar (strategy not distinct)
social_000159 phase2_teacher_batch_validation_relaxed: ValueError: Direct too long: 32 words (max 22)
social_000162 phase2_teacher_batch_validation_relaxed: ValueError: Direct too long: 25 words (max 22)
social_000170 phase2_teacher_batch_validation_relaxed: ValueError: replyStyles first clauses too similar (strategy not distinct)
social_000171 phase2_teacher_batch_validation_relaxed: ValueError: anti-cliche blacklist phrase found: "by end of day"
social_000173 phase2_teacher_batch_validation_relaxed: ValueError: replyStyles first clauses too similar (strategy not distinct)
social_000174 phase2_teacher_batch_validation_relaxed: ValueError: replyStyles first clauses too similar (strategy not distinct)
social_000178 phase2_teacher_batch_validation_relaxed: ValueError: overly formal phrase found: "genuinely"
social_000179 phase2_teacher_batch_validation_relaxed: ValueError: replyStyles first clauses too similar (strategy not distinct)
social_000180 phase2_teacher_batch_validation_relaxed: ValueError: overly formal phrase found: "genuinely"
social_000182 phase2_teacher_batch_validation_relaxed: ValueError: Direct too long: 26 words (max 22)
social_000184 phase2_teacher_batch_validation_relaxed: ValueError: Thoughtful: single sentence only (no text after a period)
social_000186 phase2_teacher_batch_validation_relaxed: ValueError: Delay length out of range: 23 words (expected 5-22)
social_000188 phase2_teacher_batch_validation_relaxed: ValueError: Soft Decline length out of range: 29 words (expected 5-24)
social_000191 phase2_teacher_batch_validation_relaxed: ValueError: Direct too long: 25 words (max 22)
social_000196 phase2_teacher_batch_validation_relaxed: ValueError: overly formal phrase found: "genuinely"
social_000199 phase2_teacher_batch_validation_relaxed: ValueError: replyStyles first clauses too similar (strategy not distinct)
social_000198 phase2_teacher_batch_validation_relaxed: ValueError: Direct too long: 37 words (max 22)
social_000204 phase2_teacher_batch_validation_relaxed: ValueError: Soft Decline length out of range: 31 words (expected 5-24)
social_000205 phase2_teacher_batch_validation_relaxed: ValueError: overly formal phrase found: "genuinely"
social_000206 phase2_teacher_batch_validation_relaxed: ValueError: Direct too long: 29 words (max 22)
social_000207 phase2_teacher_batch_validation_relaxed: ValueError: Direct too long: 39 words (max 22)
social_000208 phase2_teacher_batch_validation_relaxed: ValueError: Direct too long: 40 words (max 22)
social_000209 phase2_teacher_batch_validation_relaxed: ValueError: replyStyles first clauses too similar (strategy not distinct)
social_000211 phase2_teacher_batch_validation_relaxed: ValueError: replyStyles first clauses too similar (strategy not distinct)
social_000215 phase2_teacher_batch_validation_relaxed: ValueError: replyStyles first clauses too similar (strategy not distinct)
social_000221 phase2_teacher_batch_validation_relaxed: ValueError: replyStyles first clauses too similar (strategy not distinct)
social_000225 phase2_teacher_batch_validation_relaxed: ValueError: Direct too long: 26 words (max 22)
social_000228 phase2_teacher_batch_validation_relaxed: ValueError: Direct too long: 27 words (max 22)
social_000229 phase2_teacher_batch_validation_relaxed: ValueError: Agree length out of range: 26 words (expected 2-18)
social_000232 phase2_teacher_batch_validation_relaxed: ValueError: replyStyles first clauses too similar (strategy not distinct)
social_000235 phase2_teacher_batch_validation_relaxed: ValueError: Agree length out of range: 19 words (expected 2-18)
social_000236 phase2_teacher_batch_validation_relaxed: ValueError: replyStyles first clauses too similar (strategy not distinct)
social_000240 phase2_teacher_batch_validation_relaxed: ValueError: replyStyles first clauses too similar (strategy not distinct)
social_000243 phase2_teacher_batch_validation_relaxed: ValueError: replyStyles first clauses too similar (strategy not distinct)
social_000248 phase2_teacher_batch_validation_relaxed: ValueError: replyStyles first clauses too similar (strategy not distinct)
social_000251 phase2_teacher_batch_validation_relaxed: ValueError: replyStyles first clauses too similar (strategy not distinct)
social_000256 phase2_teacher_batch_validation_relaxed: ValueError: Direct too long: 37 words (max 22)
social_000260 phase2_teacher_batch_validation_relaxed: ValueError: overly formal phrase found: "genuinely"
social_000265 phase2_teacher_batch_validation_relaxed: ValueError: replyStyles first clauses too similar (strategy not distinct)
social_000264 phase2_teacher_batch_validation_relaxed: ValueError: replyStyles first clauses too similar (strategy not distinct)
social_000266 phase2_teacher_batch_validation_relaxed: ValueError: replyStyles first clauses too similar (strategy not distinct)
social_000269 phase2_teacher_batch_validation_relaxed: ValueError: overly formal phrase found: "genuinely"
social_000270 phase2_teacher_batch_validation_relaxed: ValueError: replyStyles first clauses too similar (strategy not distinct)
social_000272 phase2_teacher_batch_validation_relaxed: ValueError: Agree length out of range: 33 words (expected 2-18)
social_000275 phase2_teacher_batch_validation_relaxed: ValueError: Agree length out of range: 22 words (expected 2-18)
social_000283 phase2_teacher_batch_validation_relaxed: ValueError: Thoughtful: single sentence only (no text after a period)
social_000288 phase2_teacher_batch_validation_relaxed: ValueError: Agree length out of range: 21 words (expected 2-18)
social_000289 phase2_teacher_batch_validation_relaxed: ValueError: replyStyles first clauses too similar (strategy not distinct)
social_000291 phase2_teacher_batch_validation_relaxed: ValueError: replyStyles first clauses too similar (strategy not distinct)
social_000293 phase2_teacher_batch_validation_relaxed: ValueError: Direct too long: 34 words (max 22)
social_000267 phase2_teacher_batch_validation_relaxed: ValueError: Direct too long: 30 words (max 22)
social_000302 phase2_teacher_batch_validation_relaxed: ValueError: suggestions too similar pairwise (max ratio 0.98)
social_000306 phase2_teacher_batch_validation_relaxed: ValueError: replyStyles first clauses too similar (strategy not distinct)
social_000310 phase2_teacher_batch_validation_relaxed: ValueError: replyStyles first clauses too similar (strategy not distinct)
social_000317 phase2_teacher_batch_validation_relaxed: ValueError: Direct too long: 67 words (max 22)
social_000323 phase2_teacher_batch_validation_relaxed: ValueError: replyStyles first clauses too similar (strategy not distinct)
social_000325 phase2_teacher_batch_validation_relaxed: ValueError: replyStyles first clauses too similar (strategy not distinct)
social_000326 phase2_teacher_batch_validation_relaxed: ValueError: Agree length out of range: 46 words (expected 2-18)
social_000329 phase2_teacher_batch_validation_relaxed: ValueError: replyStyles first clauses too similar (strategy not distinct)
social_000331 phase2_teacher_batch_validation_relaxed: ValueError: replyStyles first clauses too similar (strategy not distinct)
social_000335 phase2_teacher_batch_validation_relaxed: ValueError: replyStyles first clauses too similar (strategy not distinct)
social_000338 phase2_teacher_batch_validation_relaxed: ValueError: replyStyles first clauses too similar (strategy not distinct)
social_000341 phase2_teacher_batch_validation_relaxed: ValueError: replyStyles first clauses too similar (strategy not distinct)
social_000343 phase2_teacher_batch_validation_relaxed: ValueError: replyStyles first clauses too similar (strategy not distinct)
social_000344 phase2_teacher_batch_validation_relaxed: ValueError: overly formal phrase found: "genuinely"
social_000345 phase2_teacher_batch_validation_relaxed: ValueError: anti-cliche blacklist phrase found: "looking forward to it"
social_000347 phase2_teacher_batch_validation_relaxed: ValueError: overly formal phrase found: "i apologize"
social_000351 phase2_teacher_batch_validation_relaxed: ValueError: Agree length out of range: 29 words (expected 2-18)
social_000357 phase2_teacher_batch_validation_relaxed: ValueError: replyStyles first clauses too similar (strategy not distinct)
social_000359 phase2_teacher_batch_validation_relaxed: ValueError: replyStyles first clauses too similar (strategy not distinct)
social_000358 phase2_teacher_batch_validation_relaxed: ValueError: Direct too long: 26 words (max 22)
social_000364 phase2_teacher_batch_validation_relaxed: ValueError: replyStyles first clauses too similar (strategy not distinct)
social_000365 phase2_teacher_batch_validation_relaxed: ValueError: overly formal phrase found: "genuinely"
social_000369 phase2_teacher_batch_validation_relaxed: ValueError: replyStyles first clauses too similar (strategy not distinct)
social_000373 phase2_teacher_batch_validation_relaxed: ValueError: replyStyles first clauses too similar (strategy not distinct)
social_000374 phase2_teacher_batch_validation_relaxed: ValueError: Direct too long: 26 words (max 22)
social_000375 phase2_teacher_batch_validation_relaxed: ValueError: overly formal phrase found: "genuinely"
social_000377 phase2_teacher_batch_validation_relaxed: ValueError: replyStyles first clauses too similar (strategy not distinct)
social_000378 phase2_teacher_batch_validation_relaxed: ValueError: Soft Decline length out of range: 25 words (expected 5-24)
social_000380 phase2_teacher_batch_validation_relaxed: ValueError: replyStyles first clauses too similar (strategy not distinct)
social_000382 phase2_teacher_batch_validation_relaxed: ValueError: overly formal phrase found: "genuinely"
social_000384 phase2_teacher_batch_validation_relaxed: ValueError: Thoughtful: single sentence only (no text after a period)
social_000385 phase2_teacher_batch_validation_relaxed: ValueError: replyStyles first clauses too similar (strategy not distinct)
social_000394 phase2_teacher_batch_validation_relaxed: ValueError: replyStyles first clauses too similar (strategy not distinct)
social_000398 phase2_teacher_batch_validation_relaxed: ValueError: replyStyles first clauses too similar (strategy not distinct)
social_000401 phase2_teacher_batch_validation_relaxed: ValueError: replyStyles first clauses too similar (strategy not distinct)
social_000402 phase2_teacher_batch_validation_relaxed: ValueError: replyStyles first clauses too similar (strategy not distinct)
social_000406 phase2_teacher_batch_validation_relaxed: ValueError: replyStyles first clauses too similar (strategy not distinct)
social_000411 phase2_teacher_batch_validation_relaxed: ValueError: Direct too long: 25 words (max 22)
social_000417 phase2_teacher_batch_validation_relaxed: ValueError: anti-cliche blacklist phrase found: "looking forward to it"
social_000420 phase2_teacher_batch_validation_relaxed: ValueError: Soft Decline length out of range: 28 words (expected 5-24)
social_000422 phase2_teacher_batch_validation_relaxed: ValueError: Agree length out of range: 36 words (expected 2-18)
social_000423 phase2_teacher_batch_validation_relaxed: ValueError: suggestions too similar pairwise (max ratio 0.94)
social_000424 phase2_teacher_batch_validation_relaxed: ValueError: anti-cliche blacklist phrase found: "looking forward to it"
social_000428 phase2_teacher_batch_validation_relaxed: ValueError: replyStyles first clauses too similar (strategy not distinct)
social_000429 phase2_teacher_batch_validation_relaxed: ValueError: anti-cliche blacklist phrase found: "looking forward to it"
social_000431 phase2_teacher_batch_validation_relaxed: ValueError: replyStyles first clauses too similar (strategy not distinct)
social_000435 phase2_teacher_batch_validation_relaxed: ValueError: replyStyles first clauses too similar (strategy not distinct)
social_000437 phase2_teacher_batch_validation_relaxed: ValueError: replyStyles first clauses too similar (strategy not distinct)
social_000442 phase2_teacher_batch_validation_relaxed: ValueError: Agree length out of range: 23 words (expected 2-18)
social_000443 phase2_teacher_batch_validation_relaxed: ValueError: Delay length out of range: 24 words (expected 5-22)
social_000444 phase2_teacher_batch_validation_relaxed: ValueError: Agree length out of range: 19 words (expected 2-18)
social_000447 phase2_teacher_batch_validation_relaxed: ValueError: Thoughtful: single sentence only (no text after a period)
social_000450 phase2_teacher_batch_validation_relaxed: ValueError: overly formal phrase found: "genuinely"
social_000451 phase2_teacher_batch_validation_relaxed: ValueError: overly formal phrase found: "genuinely"
social_000453 phase2_teacher_batch_validation_relaxed: ValueError: replyStyles first clauses too similar (strategy not distinct)
social_000455 phase2_teacher_batch_validation_relaxed: ValueError: replyStyles first clauses too similar (strategy not distinct)
social_000457 phase2_teacher_batch_validation_relaxed: ValueError: replyStyles first clauses too similar (strategy not distinct)
social_000460 phase2_teacher_batch_validation_relaxed: ValueError: replyStyles first clauses too similar (strategy not distinct)
social_000461 phase2_teacher_batch_validation_relaxed: ValueError: anti-cliche blacklist phrase found: "by end of day"
social_000463 phase2_teacher_batch_validation_relaxed: ValueError: replyStyles first clauses too similar (strategy not distinct)
social_000468 phase2_teacher_batch_validation_relaxed: ValueError: replyStyles first clauses too similar (strategy not distinct)
social_000474 phase2_teacher_batch_validation_relaxed: ValueError: overly formal phrase found: "genuinely"
social_000477 phase2_teacher_batch_validation_relaxed: ValueError: Direct too long: 28 words (max 22)
social_000478 phase2_teacher_batch_validation_relaxed: ValueError: replyStyles first clauses too similar (strategy not distinct)
social_000479 phase2_teacher_batch_validation_relaxed: ValueError: replyStyles first clauses too similar (strategy not distinct)
social_000483 phase2_teacher_batch_validation_relaxed: ValueError: replyStyles first clauses too similar (strategy not distinct)
social_000486 phase2_teacher_batch_validation_relaxed: ValueError: overly formal phrase found: "genuinely"
social_000489 phase2_teacher_batch_validation_relaxed: ValueError: replyStyles first clauses too similar (strategy not distinct)
social_000491 phase2_teacher_batch_validation_relaxed: ValueError: replyStyles first clauses too similar (strategy not distinct)
social_000492 phase2_teacher_batch_validation_relaxed: ValueError: replyStyles first clauses too similar (strategy not distinct)
social_000495 phase2_teacher_batch_validation_relaxed: ValueError: Agree length out of range: 19 words (expected 2-18)
social_000496 phase2_teacher_batch_validation_relaxed: ValueError: Agree length out of range: 22 words (expected 2-18)
social_000498 phase2_teacher_batch_validation_relaxed: ValueError: overly formal phrase found: "genuinely"
social_000502 phase2_teacher_batch_validation_relaxed: ValueError: Direct too long: 27 words (max 22)
social_000505 phase2_teacher_batch_validation_relaxed: ValueError: replyStyles first clauses too similar (strategy not distinct)
social_000508 phase2_teacher_batch_validation_relaxed: ValueError: overly formal phrase found: "genuinely"
social_000511 phase2_teacher_batch_validation_relaxed: ValueError: replyStyles first clauses too similar (strategy not distinct)
social_000515 phase2_teacher_batch_validation_relaxed: ValueError: suggestions too similar pairwise (max ratio 1.00)
social_000517 phase2_teacher_batch_validation_relaxed: ValueError: Agree length out of range: 39 words (expected 2-18)
social_000518 phase2_teacher_batch_validation_relaxed: ValueError: replyStyles first clauses too similar (strategy not distinct)
social_000521 phase2_teacher_batch_validation_relaxed: ValueError: replyStyles first clauses too similar (strategy not distinct)
social_000527 phase2_teacher_batch_validation_relaxed: ValueError: replyStyles first clauses too similar (strategy not distinct)
social_000530 phase2_teacher_batch_validation_relaxed: ValueError: replyStyles first clauses too similar (strategy not distinct)
social_000529 phase2_teacher_batch_validation_relaxed: ValueError: overly formal phrase found: "absolutely"
social_000533 phase2_teacher_batch_validation_relaxed: ValueError: overly formal phrase found: "genuinely"
social_000535 phase2_teacher_batch_validation_relaxed: ValueError: replyStyles first clauses too similar (strategy not distinct)
social_000540 phase2_teacher_batch_validation_relaxed: ValueError: overly formal phrase found: "absolutely"
social_000543 phase2_teacher_batch_validation_relaxed: ValueError: replyStyles first clauses too similar (strategy not distinct)
social_000544 phase2_teacher_batch_validation_relaxed: ValueError: overly formal phrase found: "genuinely"
social_000552 phase2_teacher_batch_validation_relaxed: ValueError: overly formal phrase found: "genuinely"
social_000553 phase2_teacher_batch_validation_relaxed: ValueError: replyStyles first clauses too similar (strategy not distinct)
social_000557 phase2_teacher_batch_validation_relaxed: ValueError: replyStyles first clauses too similar (strategy not distinct)
social_000559 phase2_teacher_batch_validation_relaxed: ValueError: Friendly too long: 30 words (max 28)
social_000560 phase2_teacher_batch_validation_relaxed: ValueError: replyStyles first clauses too similar (strategy not distinct)
social_000561 phase2_teacher_batch_validation_relaxed: ValueError: replyStyles first clauses too similar (strategy not distinct)
social_000562 phase2_teacher_batch_validation_relaxed: ValueError: replyStyles first clauses too similar (strategy not distinct)
social_000563 phase2_teacher_batch_validation_relaxed: ValueError: replyStyles first clauses too similar (strategy not distinct)
social_000564 phase2_teacher_batch_validation_relaxed: ValueError: Agree length out of range: 25 words (expected 2-18)
social_000565 phase2_teacher_batch_validation_relaxed: ValueError: Thoughtful: at most one coordinating 'and'
social_000567 phase2_teacher_batch_validation_relaxed: ValueError: Direct too long: 23 words (max 22)
social_000570 phase2_teacher_batch_validation_relaxed: ValueError: replyStyles first clauses too similar (strategy not distinct)
social_000572 phase2_teacher_batch_validation_relaxed: ValueError: suggestions too similar pairwise (max ratio 0.96)
social_000571 phase2_teacher_batch_validation_relaxed: ValueError: overly formal phrase found: "genuinely"
social_000577 phase2_teacher_batch_validation_relaxed: ValueError: replyStyles first clauses too similar (strategy not distinct)
social_000581 phase2_teacher_batch_validation_relaxed: ValueError: Thoughtful: single sentence only (no text after a period)
social_000585 phase2_teacher_batch_validation_relaxed: ValueError: replyStyles first clauses too similar (strategy not distinct)
social_000588 phase2_teacher_batch_validation_relaxed: ValueError: Direct too long: 34 words (max 22)
social_000593 phase2_teacher_batch_validation_relaxed: ValueError: overly formal phrase found: "genuinely"
social_000596 phase2_teacher_batch_validation_relaxed: ValueError: replyStyles first clauses too similar (strategy not distinct)
social_000595 phase2_teacher_batch: JSONDecodeError: Extra data: line 3 column 1 (char 577)
social_000598 phase2_teacher_batch_validation_relaxed: ValueError: Delay length out of range: 27 words (expected 5-22)
social_000601 phase2_teacher_batch_validation_relaxed: ValueError: suggestions too similar pairwise (max ratio 1.00)
social_000605 phase2_teacher_batch_validation_relaxed: ValueError: replyStyles first clauses too similar (strategy not distinct)
social_000613 phase2_teacher_batch_validation_relaxed: ValueError: replyStyles first clauses too similar (strategy not distinct)
social_000612 phase2_teacher_batch_validation_relaxed: ValueError: overly formal phrase found: "genuinely"
social_000614 phase2_teacher_batch_validation_relaxed: ValueError: Direct too long: 27 words (max 22)
social_000617 phase2_teacher_batch_validation_relaxed: ValueError: Direct too long: 34 words (max 22)
social_000616 phase2_teacher_batch_validation_relaxed: ValueError: overly formal phrase found: "genuinely"
social_000619 phase2_teacher_batch_validation_relaxed: ValueError: Agree length out of range: 28 words (expected 2-18)
social_000626 phase2_teacher_batch_validation_relaxed: ValueError: suggestions too similar pairwise (max ratio 0.98)
social_000629 phase2_teacher_batch_validation_relaxed: ValueError: Agree length out of range: 22 words (expected 2-18)
social_000632 phase2_teacher_batch_validation_relaxed: ValueError: Direct too long: 23 words (max 22)
social_000638 phase2_teacher_batch_validation_relaxed: ValueError: replyStyles first clauses too similar (strategy not distinct)
social_000641 phase2_teacher_batch_validation_relaxed: ValueError: Agree length out of range: 24 words (expected 2-18)
social_000642 phase2_teacher_batch_validation_relaxed: ValueError: replyStyles first clauses too similar (strategy not distinct)
social_000647 phase2_teacher_batch_validation_relaxed: ValueError: replyStyles first clauses too similar (strategy not distinct)
social_000652 phase2_teacher_batch_validation_relaxed: ValueError: replyStyles first clauses too similar (strategy not distinct)
social_000654 phase2_teacher_batch_validation_relaxed: ValueError: Thoughtful: no style-heavy slang
social_000656 phase2_teacher_batch_validation_relaxed: ValueError: replyStyles first clauses too similar (strategy not distinct)
social_000659 phase2_teacher_batch_validation_relaxed: ValueError: replyStyles first clauses too similar (strategy not distinct)
social_000660 phase2_teacher_batch_validation_relaxed: ValueError: replyStyles first clauses too similar (strategy not distinct)
social_000662 phase2_teacher_batch_validation_relaxed: ValueError: replyStyles first clauses too similar (strategy not distinct)
social_000665 phase2_teacher_batch_validation_relaxed: ValueError: replyStyles first clauses too similar (strategy not distinct)
social_000667 phase2_teacher_batch_validation_relaxed: ValueError: Direct too long: 24 words (max 22)
social_000672 phase2_teacher_batch_validation_relaxed: ValueError: overly formal phrase found: "absolutely"
social_000678 phase2_teacher_batch_validation_relaxed: ValueError: overly formal phrase found: "genuinely"
social_000679 phase2_teacher_batch_validation_relaxed: ValueError: replyStyles first clauses too similar (strategy not distinct)
social_000680 phase2_teacher_batch_validation_relaxed: ValueError: replyStyles first clauses too similar (strategy not distinct)
social_000682 phase2_teacher_batch_validation_relaxed: ValueError: replyStyles first clauses too similar (strategy not distinct)
social_000685 phase2_teacher_batch_validation_relaxed: ValueError: replyStyles first clauses too similar (strategy not distinct)
social_000686 phase2_teacher_batch_validation_relaxed: ValueError: overly formal phrase found: "absolutely"
social_000688 phase2_teacher_batch_validation_relaxed: ValueError: replyStyles first clauses too similar (strategy not distinct)
social_000693 phase2_teacher_batch_validation_relaxed: ValueError: anti-cliche blacklist phrase found: "no pressure at all"
social_000694 phase2_teacher_batch_validation_relaxed: ValueError: replyStyles first clauses too similar (strategy not distinct)
social_000697 phase2_teacher_batch_validation_relaxed: ValueError: replyStyles first clauses too similar (strategy not distinct)
social_000700 phase2_teacher_batch_validation_relaxed: ValueError: replyStyles first clauses too similar (strategy not distinct)
social_000703 phase2_teacher_batch_validation_relaxed: ValueError: Direct too long: 31 words (max 22)
social_000702 phase2_teacher_batch_validation_relaxed: ValueError: Direct too long: 23 words (max 22)
social_000704 phase2_teacher_batch_validation_relaxed: ValueError: replyStyles first clauses too similar (strategy not distinct)
social_000708 phase2_teacher_batch_validation_relaxed: ValueError: Agree length out of range: 60 words (expected 2-18)
social_000709 phase2_teacher_batch_validation_relaxed: ValueError: replyStyles first clauses too similar (strategy not distinct)
social_000711 phase2_teacher_batch_validation_relaxed: ValueError: Direct too long: 24 words (max 22)
social_000720 phase2_teacher_batch_validation_relaxed: ValueError: Thoughtful: single sentence only (no text after a period)
social_000721 phase2_teacher_batch_validation_relaxed: ValueError: Soft Decline length out of range: 28 words (expected 5-24)
social_000736 phase2_teacher_batch_validation_relaxed: ValueError: replyStyles first clauses too similar (strategy not distinct)
social_000741 phase2_teacher_batch_validation_relaxed: ValueError: Agree length out of range: 19 words (expected 2-18)
social_000740 phase2_teacher_batch_validation_relaxed: ValueError: emoji not allowed in suggestions
social_000743 phase2_teacher_batch_validation_relaxed: ValueError: Direct too long: 41 words (max 22)
social_000750 phase2_teacher_batch_validation_relaxed: ValueError: Direct too long: 47 words (max 22)
social_000752 phase2_teacher_batch_validation_relaxed: ValueError: replyStyles first clauses too similar (strategy not distinct)
social_000754 phase2_teacher_batch_validation_relaxed: ValueError: Soft Decline length out of range: 28 words (expected 5-24)
social_000755 phase2_teacher_batch_validation_relaxed: ValueError: Direct too long: 26 words (max 22)
social_000759 phase2_teacher_batch_validation_relaxed: ValueError: replyStyles first clauses too similar (strategy not distinct)
social_000762 phase2_teacher_batch_validation_relaxed: ValueError: replyStyles first clauses too similar (strategy not distinct)
social_000763 phase2_teacher_batch_validation_relaxed: ValueError: suggestions too similar pairwise (max ratio 0.94)
social_000764 phase2_teacher_batch_validation_relaxed: ValueError: Direct too long: 23 words (max 22)
social_000765 phase2_teacher_batch_validation_relaxed: ValueError: Agree length out of range: 38 words (expected 2-18)
social_000766 phase2_teacher_batch_validation_relaxed: ValueError: replyStyles first clauses too similar (strategy not distinct)
social_000770 phase2_teacher_batch_validation_relaxed: ValueError: replyStyles first clauses too similar (strategy not distinct)
social_000772 phase2_teacher_batch_validation_relaxed: ValueError: replyStyles first clauses too similar (strategy not distinct)
social_000774 phase2_teacher_batch_validation_relaxed: ValueError: Agree length out of range: 27 words (expected 2-18)
social_000776 phase2_teacher_batch_validation_relaxed: ValueError: emoji not allowed in suggestions
social_000782 phase2_teacher_batch_validation_relaxed: ValueError: replyStyles first clauses too similar (strategy not distinct)
social_000785 phase2_teacher_batch_validation_relaxed: ValueError: Thoughtful: single sentence only (no text after a period)
social_000784 phase2_teacher_batch_validation_relaxed: ValueError: overly formal phrase found: "genuinely"
social_000790 phase2_teacher_batch_validation_relaxed: ValueError: Direct too long: 23 words (max 22)
social_000798 phase2_teacher_batch_validation_relaxed: ValueError: replyStyles first clauses too similar (strategy not distinct)
social_000799 phase2_teacher_batch_validation_relaxed: ValueError: replyStyles first clauses too similar (strategy not distinct)
social_000807 phase2_teacher_batch_validation_relaxed: ValueError: Direct adds too many ungrounded details for risk=high: ['morning', 'thursday', 'tuesday'] (budget 2)
social_000808 phase2_teacher_batch_validation_relaxed: ValueError: replyStyles first clauses too similar (strategy not distinct)
social_000809 phase2_teacher_batch_validation_relaxed: ValueError: replyStyles first clauses too similar (strategy not distinct)
social_000811 phase2_teacher_batch_validation_relaxed: ValueError: replyStyles first clauses too similar (strategy not distinct)
social_000813 phase2_teacher_batch_validation_relaxed: ValueError: replyStyles first clauses too similar (strategy not distinct)
social_000817 phase2_teacher_batch_validation_relaxed: ValueError: Agree length out of range: 20 words (expected 2-18)
social_000818 phase2_teacher_batch_validation_relaxed: ValueError: Soft Decline length out of range: 27 words (expected 5-24)
social_000827 phase2_teacher_batch_validation_relaxed: ValueError: replyStyles first clauses too similar (strategy not distinct)
social_000834 phase2_teacher_batch_validation_relaxed: ValueError: Agree length out of range: 23 words (expected 2-18)
social_000836 phase2_teacher_batch_validation_relaxed: ValueError: anti-cliche blacklist phrase found: "looking forward to it"
social_000840 phase2_teacher_batch_validation_relaxed: ValueError: Direct too long: 48 words (max 22)
social_000841 phase2_teacher_batch_validation_relaxed: ValueError: Direct too long: 31 words (max 22)
social_000842 phase2_teacher_batch_validation_relaxed: ValueError: replyStyles first clauses too similar (strategy not distinct)
social_000845 phase2_teacher_batch_validation_relaxed: ValueError: overly formal phrase found: "genuinely"
social_000848 phase2_teacher_batch_validation_relaxed: ValueError: Soft Decline length out of range: 26 words (expected 5-24)
social_000854 phase2_teacher_batch_validation_relaxed: ValueError: replyStyles first clauses too similar (strategy not distinct)
social_000858 phase2_teacher_batch_validation_relaxed: ValueError: Delay length out of range: 23 words (expected 5-22)
social_000860 phase2_teacher_batch_validation_relaxed: ValueError: replyStyles first clauses too similar (strategy not distinct)
social_000862 phase2_teacher_batch_validation_relaxed: ValueError: anti-cliche blacklist phrase found: "looking forward to it"
social_000863 phase2_teacher_batch_validation_relaxed: ValueError: suggestions too similar pairwise (max ratio 0.95)
social_000866 phase2_teacher_batch_validation_relaxed: ValueError: Agree length out of range: 25 words (expected 2-18)
social_000868 phase2_teacher_batch_validation_relaxed: ValueError: replyStyles first clauses too similar (strategy not distinct)
social_000869 phase2_teacher_batch_validation_relaxed: ValueError: replyStyles first clauses too similar (strategy not distinct)
social_000871 phase2_teacher_batch_validation_relaxed: ValueError: replyStyles first clauses too similar (strategy not distinct)
social_000874 phase2_teacher_batch_validation_relaxed: ValueError: Direct too long: 36 words (max 22)
social_000876 phase2_teacher_batch_validation_relaxed: ValueError: Direct too long: 23 words (max 22)
social_000879 phase2_teacher_batch_validation_relaxed: ValueError: replyStyles first clauses too similar (strategy not distinct)
social_000880 phase2_teacher_batch_validation_relaxed: ValueError: Delay length out of range: 25 words (expected 5-22)
social_000883 phase2_teacher_batch_validation_relaxed: ValueError: Delay length out of range: 25 words (expected 5-22)
social_000884 phase2_teacher_batch_validation_relaxed: ValueError: overly formal phrase found: "genuinely"
social_000885 phase2_teacher_batch_validation_relaxed: ValueError: replyStyles first clauses too similar (strategy not distinct)
social_000889 phase2_teacher_batch_validation_relaxed: ValueError: replyStyles first clauses too similar (strategy not distinct)
social_000896 phase2_teacher_batch_validation_relaxed: ValueError: replyStyles first clauses too similar (strategy not distinct)
social_000899 phase2_teacher_batch_validation_relaxed: ValueError: Direct too long: 31 words (max 22)
social_000903 phase2_teacher_batch_validation_relaxed: ValueError: Direct too long: 25 words (max 22)
social_000904 phase2_teacher_batch_validation_relaxed: ValueError: replyStyles first clauses too similar (strategy not distinct)
social_000909 phase2_teacher_batch_validation_relaxed: ValueError: Thoughtful: single sentence only (no text after a period)
social_000910 phase2_teacher_batch_validation_relaxed: ValueError: anti-cliche blacklist phrase found: "looking forward to it"
social_000912 phase2_teacher_batch_validation_relaxed: ValueError: replyStyles first clauses too similar (strategy not distinct)
social_000914 phase2_teacher_batch_validation_relaxed: ValueError: replyStyles first clauses too similar (strategy not distinct)
social_000915 phase2_teacher_batch_validation_relaxed: ValueError: overly formal phrase found: "genuinely"
social_000917 phase2_teacher_batch_validation_relaxed: ValueError: overly formal phrase found: "genuinely"
social_000918 phase2_teacher_batch_validation_relaxed: ValueError: Direct too long: 28 words (max 22)
social_000922 phase2_teacher_batch_validation_relaxed: ValueError: Direct too long: 35 words (max 22)
social_000927 phase2_teacher_batch_validation_relaxed: ValueError: replyStyles first clauses too similar (strategy not distinct)
social_000933 phase2_teacher_batch_validation_relaxed: ValueError: replyStyles first clauses too similar (strategy not distinct)
social_000940 phase2_teacher_batch_validation_relaxed: ValueError: replyStyles first clauses too similar (strategy not distinct)
social_000952 phase2_teacher_batch_validation_relaxed: ValueError: replyStyles first clauses too similar (strategy not distinct)
social_000951 phase2_teacher_batch_validation_relaxed: ValueError: replyStyles first clauses too similar (strategy not distinct)
social_000953 phase2_teacher_batch_validation_relaxed: ValueError: replyStyles first clauses too similar (strategy not distinct)
social_000954 phase2_teacher_batch_validation_relaxed: ValueError: replyStyles first clauses too similar (strategy not distinct)
social_000955 phase2_teacher_batch_validation_relaxed: ValueError: replyStyles first clauses too similar (strategy not distinct)
social_000958 phase2_teacher_batch_validation_relaxed: ValueError: decisionReply outputs too symmetric in length
social_000959 phase2_teacher_batch_validation_relaxed: ValueError: Direct too long: 32 words (max 22)
social_000964 phase2_teacher_batch_validation_relaxed: ValueError: replyStyles first clauses too similar (strategy not distinct)
social_000969 phase2_teacher_batch_validation_relaxed: ValueError: replyStyles first clauses too similar (strategy not distinct)
social_000973 phase2_teacher_batch_validation_relaxed: ValueError: Direct too long: 26 words (max 22)
social_000976 phase2_teacher_batch_validation_relaxed: ValueError: replyStyles first clauses too similar (strategy not distinct)
social_000977 phase2_teacher_batch_validation_relaxed: ValueError: anti-cliche blacklist phrase found: "looking forward to it"
social_000994 phase2_teacher_batch_validation_relaxed: ValueError: overly formal phrase found: "genuinely"
social_000993 phase2_teacher_batch_validation_relaxed: ValueError: overly formal phrase found: "genuinely"
social_000999 phase2_teacher_batch_validation_relaxed: ValueError: anti-cliche blacklist phrase found: "looking forward to it"
social_000998 phase2_teacher_batch_validation_relaxed: ValueError: Direct too long: 32 words (max 22)
social_001000 phase2_teacher_batch_validation_relaxed: ValueError: Direct too long: 23 words (max 22)
social_001002 phase2_teacher_batch_validation_relaxed: ValueError: Agree length out of range: 19 words (expected 2-18)
social_001007 phase2_teacher_batch_validation_relaxed: ValueError: replyStyles first clauses too similar (strategy not distinct)
social_001008 phase2_teacher_batch_validation_relaxed: ValueError: replyStyles first clauses too similar (strategy not distinct)
social_001009 phase2_teacher_batch_validation_relaxed: ValueError: replyStyles first clauses too similar (strategy not distinct)
social_001011 phase2_teacher_batch_validation_relaxed: ValueError: replyStyles first clauses too similar (strategy not distinct)
social_001013 phase2_teacher_batch_validation_relaxed: ValueError: replyStyles first clauses too similar (strategy not distinct)
social_001016 phase2_teacher_batch_validation_relaxed: ValueError: overly formal phrase found: "genuinely"
social_001017 phase2_teacher_batch_validation_relaxed: ValueError: replyStyles first clauses too similar (strategy not distinct)
social_001018 phase2_teacher_batch_validation_relaxed: ValueError: replyStyles first clauses too similar (strategy not distinct)
social_001019 phase2_teacher_batch_validation_relaxed: ValueError: Direct too long: 33 words (max 22)
social_001023 phase2_teacher_batch_validation_relaxed: ValueError: Friendly too long: 29 words (max 28)
social_001028 phase2_teacher_batch_validation_relaxed: ValueError: Direct too long: 24 words (max 22)
social_001033 phase2_teacher_batch_validation_relaxed: ValueError: Agree length out of range: 23 words (expected 2-18)
social_001034 phase2_teacher_batch_validation_relaxed: ValueError: Agree length out of range: 22 words (expected 2-18)
social_001040 phase2_teacher_batch_validation_relaxed: ValueError: anti-cliche blacklist phrase found: "by end of day"
social_001039 phase2_teacher_batch_validation_relaxed: ValueError: replyStyles first clauses too similar (strategy not distinct)
social_001044 phase2_teacher_batch_validation_relaxed: ValueError: replyStyles first clauses too similar (strategy not distinct)
social_001047 phase2_teacher_batch_validation_relaxed: ValueError: overly formal phrase found: "absolutely"
social_001052 phase2_teacher_batch_validation_relaxed: ValueError: Agree length out of range: 23 words (expected 2-18)
social_001053 phase2_teacher_batch_validation_relaxed: ValueError: replyStyles first clauses too similar (strategy not distinct)
social_001055 phase2_teacher_batch_validation_relaxed: ValueError: replyStyles first clauses too similar (strategy not distinct)
social_001056 phase2_teacher_batch_validation_relaxed: ValueError: Thoughtful: single sentence only (no text after a period)
social_001057 phase2_teacher_batch_validation_relaxed: ValueError: Agree length out of range: 23 words (expected 2-18)
social_001068 phase2_teacher_batch_validation_relaxed: ValueError: replyStyles first clauses too similar (strategy not distinct)
social_001075 phase2_teacher_batch_validation_relaxed: ValueError: Direct too long: 24 words (max 22)
social_001076 phase2_teacher_batch_validation_relaxed: ValueError: Direct too long: 28 words (max 22)
social_001079 phase2_teacher_batch_validation_relaxed: ValueError: overly formal phrase found: "genuinely"
social_001083 phase2_teacher_batch_validation_relaxed: ValueError: replyStyles first clauses too similar (strategy not distinct)
social_001084 phase2_teacher_batch_validation_relaxed: ValueError: replyStyles first clauses too similar (strategy not distinct)
social_001085 phase2_teacher_batch_validation_relaxed: ValueError: Direct too long: 30 words (max 22)
social_001086 phase2_teacher_batch_validation_relaxed: ValueError: overly formal phrase found: "genuinely"
social_001087 phase2_teacher_batch_validation_relaxed: ValueError: Direct adds too many ungrounded details for risk=high: ['afternoon', 'thursday', 'wednesday'] (budget 2)
social_001092 phase2_teacher_batch_validation_relaxed: ValueError: replyStyles first clauses too similar (strategy not distinct)
social_001098 phase2_teacher_batch_validation_relaxed: ValueError: replyStyles first clauses too similar (strategy not distinct)
social_001101 phase2_teacher_batch_validation_relaxed: ValueError: Delay length out of range: 24 words (expected 5-22)
social_001105 phase2_teacher_batch_validation_relaxed: ValueError: replyStyles first clauses too similar (strategy not distinct)
social_001107 phase2_teacher_batch_validation_relaxed: ValueError: Direct too long: 25 words (max 22)
social_001110 phase2_teacher_batch_validation_relaxed: ValueError: Thoughtful: single sentence only (no text after a period)
social_001112 phase2_teacher_batch_validation_relaxed: ValueError: Direct too long: 28 words (max 22)
social_001119 phase2_teacher_batch_validation_relaxed: ValueError: Agree length out of range: 38 words (expected 2-18)
social_001121 phase2_teacher_batch_validation_relaxed: ValueError: Direct too long: 26 words (max 22)
social_001123 phase2_teacher_batch_validation_relaxed: ValueError: overly formal phrase found: "genuinely"
social_001125 phase2_teacher_batch_validation_relaxed: ValueError: replyStyles first clauses too similar (strategy not distinct)
social_001127 phase2_teacher_batch_validation_relaxed: ValueError: replyStyles first clauses too similar (strategy not distinct)
social_001128 phase2_teacher_batch_validation_relaxed: ValueError: Soft Decline length out of range: 25 words (expected 5-24)
social_001143 phase2_teacher_batch_validation_relaxed: ValueError: replyStyles first clauses too similar (strategy not distinct)
social_001142 phase2_teacher_batch_validation_relaxed: ValueError: overly formal phrase found: "genuinely"
social_001146 phase2_teacher_batch_validation_relaxed: ValueError: Direct too long: 35 words (max 22)
social_001151 phase2_teacher_batch_validation_relaxed: ValueError: overly formal phrase found: "genuinely"
social_001160 phase2_teacher_batch_validation_relaxed: ValueError: replyStyles first clauses too similar (strategy not distinct)
social_001162 phase2_teacher_batch_validation_relaxed: ValueError: replyStyles first clauses too similar (strategy not distinct)
social_001163 phase2_teacher_batch_validation_relaxed: ValueError: replyStyles first clauses too similar (strategy not distinct)
social_001170 phase2_teacher_batch_validation_relaxed: ValueError: replyStyles first clauses too similar (strategy not distinct)
social_001171 phase2_teacher_batch_validation_relaxed: ValueError: replyStyles first clauses too similar (strategy not distinct)
social_001172 phase2_teacher_batch_validation_relaxed: ValueError: suggestions too similar pairwise (max ratio 0.96)
social_001174 phase2_teacher_batch_validation_relaxed: ValueError: Direct too long: 26 words (max 22)
social_001175 phase2_teacher_batch_validation_relaxed: ValueError: Agree length out of range: 21 words (expected 2-18)
social_001177 phase2_teacher_batch_validation_relaxed: ValueError: replyStyles first clauses too similar (strategy not distinct)
social_001181 phase2_teacher_batch_validation_relaxed: ValueError: Agree length out of range: 47 words (expected 2-18)
social_001187 phase2_teacher_batch_validation_relaxed: ValueError: Agree length out of range: 23 words (expected 2-18)
social_001188 phase2_teacher_batch_validation_relaxed: ValueError: replyStyles first clauses too similar (strategy not distinct)
social_001189 phase2_teacher_batch_validation_relaxed: ValueError: replyStyles first clauses too similar (strategy not distinct)
social_001192 phase2_teacher_batch_validation_relaxed: ValueError: anti-cliche blacklist phrase found: "looking forward to it"
social_001195 phase2_teacher_batch_validation_relaxed: ValueError: overly formal phrase found: "genuinely"
social_001201 phase2_teacher_batch_validation_relaxed: ValueError: Agree length out of range: 35 words (expected 2-18)
social_001202 phase2_teacher_batch_validation_relaxed: ValueError: Direct too long: 48 words (max 22)
social_001204 phase2_teacher_batch_validation_relaxed: ValueError: Soft Decline length out of range: 26 words (expected 5-24)
social_001205 phase2_teacher_batch_validation_relaxed: ValueError: replyStyles first clauses too similar (strategy not distinct)
social_001206 phase2_teacher_batch_validation_relaxed: ValueError: replyStyles first clauses too similar (strategy not distinct)
social_001208 phase2_teacher_batch_validation_relaxed: ValueError: Agree length out of range: 26 words (expected 2-18)
social_001209 phase2_teacher_batch_validation_relaxed: ValueError: replyStyles first clauses too similar (strategy not distinct)
social_001211 phase2_teacher_batch_validation_relaxed: ValueError: replyStyles first clauses too similar (strategy not distinct)
social_001213 phase2_teacher_batch_validation_relaxed: ValueError: replyStyles first clauses too similar (strategy not distinct)
social_001216 phase2_teacher_batch_validation_relaxed: ValueError: anti-cliche blacklist phrase found: "no pressure at all"
social_001215 phase2_teacher_batch_validation_relaxed: ValueError: replyStyles first clauses too similar (strategy not distinct)
social_001219 phase2_teacher_batch_validation_relaxed: ValueError: replyStyles first clauses too similar (strategy not distinct)
social_001220 phase2_teacher_batch_validation_relaxed: ValueError: replyStyles first clauses too similar (strategy not distinct)
social_001221 phase2_teacher_batch_validation_relaxed: ValueError: Direct too long: 23 words (max 22)
social_001224 phase2_teacher_batch_validation_relaxed: ValueError: overly formal phrase found: "absolutely"
social_001232 phase2_teacher_batch_validation_relaxed: ValueError: replyStyles first clauses too similar (strategy not distinct)
social_001234 phase2_teacher_batch_validation_relaxed: ValueError: replyStyles first clauses too similar (strategy not distinct)
social_001236 phase2_teacher_batch_validation_relaxed: ValueError: Thoughtful: single sentence only (no text after a period)
social_001238 phase2_teacher_batch_validation_relaxed: ValueError: Agree length out of range: 20 words (expected 2-18)
social_001240 phase2_teacher_batch_validation_relaxed: ValueError: replyStyles first clauses too similar (strategy not distinct)
social_001241 phase2_teacher_batch_validation_relaxed: ValueError: Direct too long: 34 words (max 22)
social_001242 phase2_teacher_batch_validation_relaxed: ValueError: Direct too long: 37 words (max 22)
social_001246 phase2_teacher_batch_validation_relaxed: ValueError: Agree length out of range: 25 words (expected 2-18)
social_001247 phase2_teacher_batch_validation_relaxed: ValueError: Thoughtful: single sentence only (no text after a period)
social_001249 phase2_teacher_batch_validation_relaxed: ValueError: overly formal phrase found: "genuinely"
social_001250 phase2_teacher_batch_validation_relaxed: ValueError: replyStyles first clauses too similar (strategy not distinct)
social_001252 phase2_teacher_batch_validation_relaxed: ValueError: Direct too long: 26 words (max 22)
social_001255 phase2_teacher_batch_validation_relaxed: ValueError: replyStyles first clauses too similar (strategy not distinct)
social_001256 phase2_teacher_batch_validation_relaxed: ValueError: Direct too long: 43 words (max 22)
social_001258 phase2_teacher_batch_validation_relaxed: ValueError: overly formal phrase found: "absolutely"
social_001261 phase2_teacher_batch_validation_relaxed: ValueError: replyStyles first clauses too similar (strategy not distinct)
social_001277 phase2_teacher_batch_validation_relaxed: ValueError: replyStyles first clauses too similar (strategy not distinct)
social_001283 phase2_teacher_batch_validation_relaxed: ValueError: Soft Decline length out of range: 29 words (expected 5-24)
social_001289 phase2_teacher_batch_validation_relaxed: ValueError: overly formal phrase found: "genuinely"
social_001290 phase2_teacher_batch_validation_relaxed: ValueError: Delay length out of range: 24 words (expected 5-22)
social_001296 phase2_teacher_batch_validation_relaxed: ValueError: Direct too long: 44 words (max 22)
social_001299 phase2_teacher_batch_validation_relaxed: ValueError: Direct too long: 24 words (max 22)
social_001303 phase2_teacher_batch_validation_relaxed: ValueError: Thoughtful: at most two commas
social_001304 phase2_teacher_batch_validation_relaxed: ValueError: replyStyles first clauses too similar (strategy not distinct)
social_001312 phase2_teacher_batch_validation_relaxed: ValueError: replyStyles first clauses too similar (strategy not distinct)
social_001315 phase2_teacher_batch_validation_relaxed: ValueError: Direct too long: 24 words (max 22)
social_001317 phase2_teacher_batch_validation_relaxed: ValueError: overly formal phrase found: "genuinely"
social_001322 phase2_teacher_batch_validation_relaxed: ValueError: overly formal phrase found: "genuinely"
social_001327 phase2_teacher_batch_validation_relaxed: ValueError: Agree length out of range: 20 words (expected 2-18)
social_001326 phase2_teacher_batch_validation_relaxed: ValueError: overly formal phrase found: "genuinely"
social_001329 phase2_teacher_batch_validation_relaxed: ValueError: replyStyles first clauses too similar (strategy not distinct)
social_001339 phase2_teacher_batch_validation_relaxed: ValueError: replyStyles first clauses too similar (strategy not distinct)
social_001341 phase2_teacher_batch_validation_relaxed: ValueError: Agree length out of range: 19 words (expected 2-18)
social_001340 phase2_teacher_batch_validation_relaxed: ValueError: replyStyles first clauses too similar (strategy not distinct)
social_001342 phase2_teacher_batch_validation_relaxed: ValueError: replyStyles first clauses too similar (strategy not distinct)
social_001347 phase2_teacher_batch_validation_relaxed: ValueError: suggestions too similar pairwise (max ratio 1.00)
social_001350 phase2_teacher_batch_validation_relaxed: ValueError: replyStyles first clauses too similar (strategy not distinct)
social_001353 phase2_teacher_batch_validation_relaxed: ValueError: Direct too long: 23 words (max 22)
social_001355 phase2_teacher_batch_validation_relaxed: ValueError: Direct too long: 25 words (max 22)
social_001359 phase2_teacher_batch_validation_relaxed: ValueError: replyStyles first clauses too similar (strategy not distinct)
social_001361 phase2_teacher_batch_validation_relaxed: ValueError: Direct too long: 31 words (max 22)
social_001367 phase2_teacher_batch_validation_relaxed: ValueError: Direct too long: 27 words (max 22)
social_001368 phase2_teacher_batch_validation_relaxed: ValueError: overly formal phrase found: "genuinely"
social_001369 phase2_teacher_batch_validation_relaxed: ValueError: overly formal phrase found: "genuinely"
social_001371 phase2_teacher_batch_validation_relaxed: ValueError: Delay length out of range: 23 words (expected 5-22)
social_001378 phase2_teacher_batch_validation_relaxed: ValueError: replyStyles first clauses too similar (strategy not distinct)
social_001377 phase2_teacher_batch_validation_relaxed: ValueError: Soft Decline length out of range: 25 words (expected 5-24)
social_001380 phase2_teacher_batch_validation_relaxed: ValueError: overly formal phrase found: "genuinely"
social_001383 phase2_teacher_batch_validation_relaxed: ValueError: replyStyles first clauses too similar (strategy not distinct)
social_001385 phase2_teacher_batch_validation_relaxed: ValueError: Direct too long: 32 words (max 22)
social_001388 phase2_teacher_batch_validation_relaxed: ValueError: replyStyles first clauses too similar (strategy not distinct)
social_001392 phase2_teacher_batch_validation_relaxed: ValueError: replyStyles first clauses too similar (strategy not distinct)
social_001393 phase2_teacher_batch_validation_relaxed: ValueError: replyStyles first clauses too similar (strategy not distinct)
social_001401 phase2_teacher_batch_validation_relaxed: ValueError: Agree length out of range: 22 words (expected 2-18)
social_001404 phase2_teacher_batch_validation_relaxed: ValueError: Thoughtful too long: 26 words (max 24)
social_001405 phase2_teacher_batch_validation_relaxed: ValueError: overly formal phrase found: "genuinely"
social_001406 phase2_teacher_batch_validation_relaxed: ValueError: replyStyles first clauses too similar (strategy not distinct)
social_001409 phase2_teacher_batch_validation_relaxed: ValueError: replyStyles first clauses too similar (strategy not distinct)
social_001412 phase2_teacher_batch_validation_relaxed: ValueError: replyStyles first clauses too similar (strategy not distinct)
social_001416 phase2_teacher_batch_validation_relaxed: ValueError: replyStyles first clauses too similar (strategy not distinct)
social_001415 phase2_teacher_batch_validation_relaxed: ValueError: Direct too long: 23 words (max 22)
social_001419 phase2_teacher_batch_validation_relaxed: ValueError: replyStyles first clauses too similar (strategy not distinct)
social_001422 phase2_teacher_batch_validation_relaxed: ValueError: replyStyles first clauses too similar (strategy not distinct)
social_001423 phase2_teacher_batch_validation_relaxed: ValueError: Direct too long: 27 words (max 22)
social_001424 phase2_teacher_batch_validation_relaxed: ValueError: replyStyles first clauses too similar (strategy not distinct)
social_001425 phase2_teacher_batch_validation_relaxed: ValueError: replyStyles first clauses too similar (strategy not distinct)
social_001426 phase2_teacher_batch_validation_relaxed: ValueError: replyStyles first clauses too similar (strategy not distinct)
social_001429 phase2_teacher_batch_validation_relaxed: ValueError: overly formal phrase found: "genuinely"
social_001437 phase2_teacher_batch_validation_relaxed: ValueError: Direct too long: 23 words (max 22)
social_001436 phase2_teacher_batch_validation_relaxed: ValueError: replyStyles first clauses too similar (strategy not distinct)
social_001444 phase2_teacher_batch_validation_relaxed: ValueError: suggestions too similar pairwise (max ratio 0.94)
social_001448 phase2_teacher_batch_validation_relaxed: ValueError: Agree length out of range: 21 words (expected 2-18)
social_001449 phase2_teacher_batch_validation_relaxed: ValueError: Agree length out of range: 37 words (expected 2-18)
social_001453 phase2_teacher_batch_validation_relaxed: ValueError: Soft Decline length out of range: 29 words (expected 5-24)
social_001454 phase2_teacher_batch_validation_relaxed: ValueError: anti-cliche blacklist phrase found: "by end of day"
social_001455 phase2_teacher_batch_validation_relaxed: ValueError: replyStyles first clauses too similar (strategy not distinct)
social_001456 phase2_teacher_batch_validation_relaxed: ValueError: replyStyles first clauses too similar (strategy not distinct)
social_001466 phase2_teacher_batch_validation_relaxed: ValueError: replyStyles first clauses too similar (strategy not distinct)
social_001469 phase2_teacher_batch_validation_relaxed: ValueError: replyStyles first clauses too similar (strategy not distinct)
social_001478 phase2_teacher_batch_validation_relaxed: ValueError: replyStyles first clauses too similar (strategy not distinct)
social_001484 phase2_teacher_batch_validation_relaxed: ValueError: Agree length out of range: 20 words (expected 2-18)
social_001487 phase2_teacher_batch_validation_relaxed: ValueError: Thoughtful: single sentence only (no text after a period)
social_001491 phase2_teacher_batch_validation_relaxed: ValueError: replyStyles first clauses too similar (strategy not distinct)
social_001492 phase2_teacher_batch_validation_relaxed: ValueError: anti-cliche blacklist phrase found: "by end of day"
social_001493 phase2_teacher_batch_validation_relaxed: ValueError: replyStyles first clauses too similar (strategy not distinct)
social_001500 phase2_teacher_batch_validation_relaxed: ValueError: replyStyles first clauses too similar (strategy not distinct)
social_001502 phase2_teacher_batch_validation_relaxed: ValueError: Direct too long: 35 words (max 22)
social_001503 phase2_teacher_batch_validation_relaxed: ValueError: anti-cliche blacklist phrase found: "looking forward to it"
social_001508 phase2_teacher_batch_validation_relaxed: ValueError: replyStyles first clauses too similar (strategy not distinct)
social_001511 phase2_teacher_batch_validation_relaxed: ValueError: Agree length out of range: 22 words (expected 2-18)
social_001512 phase2_teacher_batch_validation_relaxed: ValueError: replyStyles first clauses too similar (strategy not distinct)
social_001513 phase2_teacher_batch_validation_relaxed: ValueError: replyStyles first clauses too similar (strategy not distinct)
social_001514 phase2_teacher_batch_validation_relaxed: ValueError: Direct too long: 24 words (max 22)
social_001517 phase2_teacher_batch_validation_relaxed: ValueError: replyStyles first clauses too similar (strategy not distinct)
social_001518 phase2_teacher_batch_validation_relaxed: ValueError: Agree length out of range: 27 words (expected 2-18)
social_001520 phase2_teacher_batch_validation_relaxed: ValueError: anti-cliche blacklist phrase found: "looking forward to it"
social_001525 phase2_teacher_batch_validation_relaxed: ValueError: replyStyles first clauses too similar (strategy not distinct)
social_001526 phase2_teacher_batch_validation_relaxed: ValueError: replyStyles first clauses too similar (strategy not distinct)
social_001527 phase2_teacher_batch_validation_relaxed: ValueError: replyStyles first clauses too similar (strategy not distinct)
social_001531 phase2_teacher_batch_validation_relaxed: ValueError: Soft Decline length out of range: 29 words (expected 5-24)
social_001539 phase2_teacher_batch_validation_relaxed: ValueError: Thoughtful: no style-heavy slang
social_001542 phase2_teacher_batch_validation_relaxed: ValueError: replyStyles first clauses too similar (strategy not distinct)
social_001548 phase2_teacher_batch_validation_relaxed: ValueError: Direct too long: 35 words (max 22)
social_001552 phase2_teacher_batch_validation_relaxed: ValueError: replyStyles first clauses too similar (strategy not distinct)
social_001555 phase2_teacher_batch_validation_relaxed: ValueError: Thoughtful: single sentence only (no text after a period)
social_001556 phase2_teacher_batch_validation_relaxed: ValueError: Agree length out of range: 19 words (expected 2-18)
social_001564 phase2_teacher_batch_validation_relaxed: ValueError: replyStyles first clauses too similar (strategy not distinct)
social_001563 phase2_teacher_batch_validation_relaxed: ValueError: replyStyles first clauses too similar (strategy not distinct)
social_001570 phase2_teacher_batch_validation_relaxed: ValueError: replyStyles first clauses too similar (strategy not distinct)
social_001571 phase2_teacher_batch_validation_relaxed: ValueError: replyStyles first clauses too similar (strategy not distinct)
social_001574 phase2_teacher_batch_validation_relaxed: ValueError: replyStyles first clauses too similar (strategy not distinct)
social_001596 phase2_teacher_batch_validation_relaxed: ValueError: Direct too long: 37 words (max 22)
social_001595 phase2_teacher_batch_validation_relaxed: ValueError: anti-cliche blacklist phrase found: "i hope that makes sense"
social_001597 phase2_teacher_batch_validation_relaxed: ValueError: Delay length out of range: 23 words (expected 5-22)
social_001598 phase2_teacher_batch_validation_relaxed: ValueError: Agree length out of range: 24 words (expected 2-18)
social_001605 phase2_teacher_batch_validation_relaxed: ValueError: Direct too long: 34 words (max 22)
social_001613 phase2_teacher_batch_validation_relaxed: ValueError: replyStyles first clauses too similar (strategy not distinct)
social_001621 phase2_teacher_batch_validation_relaxed: ValueError: replyStyles first clauses too similar (strategy not distinct)
social_001624 phase2_teacher_batch_validation_relaxed: ValueError: replyStyles first clauses too similar (strategy not distinct)
social_001626 phase2_teacher_batch_validation_relaxed: ValueError: replyStyles first clauses too similar (strategy not distinct)
social_001630 phase2_teacher_batch_validation_relaxed: ValueError: anti-cliche blacklist phrase found: "looking forward to it"
social_001631 phase2_teacher_batch_validation_relaxed: ValueError: replyStyles first clauses too similar (strategy not distinct)
social_001634 phase2_teacher_batch_validation_relaxed: ValueError: anti-cliche blacklist phrase found: "i hope that makes sense"
social_001637 phase2_teacher_batch_validation_relaxed: ValueError: replyStyles first clauses too similar (strategy not distinct)
social_001641 phase2_teacher_batch_validation_relaxed: ValueError: overly formal phrase found: "genuinely"
social_001645 phase2_teacher_batch_validation_relaxed: ValueError: replyStyles first clauses too similar (strategy not distinct)
social_001646 phase2_teacher_batch_validation_relaxed: ValueError: Direct too long: 24 words (max 22)
social_001657 phase2_teacher_batch_validation_relaxed: ValueError: replyStyles first clauses too similar (strategy not distinct)
social_001662 phase2_teacher_batch_validation_relaxed: ValueError: replyStyles first clauses too similar (strategy not distinct)
social_001663 phase2_teacher_batch_validation_relaxed: ValueError: replyStyles first clauses too similar (strategy not distinct)
social_001666 phase2_teacher_batch_validation_relaxed: ValueError: Agree length out of range: 23 words (expected 2-18)
social_001667 phase2_teacher_batch_validation_relaxed: ValueError: Direct too long: 25 words (max 22)
social_001669 phase2_teacher_batch_validation_relaxed: ValueError: overly formal phrase found: "genuinely"
social_001668 phase2_teacher_batch_validation_relaxed: ValueError: Direct too long: 27 words (max 22)
social_001673 phase2_teacher_batch_validation_relaxed: ValueError: overly formal phrase found: "genuinely"
social_001677 phase2_teacher_batch_validation_relaxed: ValueError: Direct too long: 43 words (max 22)
social_001680 phase2_teacher_batch_validation_relaxed: ValueError: Direct too long: 37 words (max 22)
social_001684 phase2_teacher_batch_validation_relaxed: ValueError: replyStyles first clauses too similar (strategy not distinct)
social_001688 phase2_teacher_batch_validation_relaxed: ValueError: replyStyles first clauses too similar (strategy not distinct)
social_001693 phase2_teacher_batch_validation_relaxed: ValueError: Direct too long: 23 words (max 22)
social_001697 phase2_teacher_batch_validation_relaxed: ValueError: replyStyles first clauses too similar (strategy not distinct)
social_001704 phase2_teacher_batch_validation_relaxed: ValueError: overly formal phrase found: "genuinely"
social_001706 phase2_teacher_batch_validation_relaxed: ValueError: overly formal phrase found: "genuinely"
social_001707 phase2_teacher_batch_validation_relaxed: ValueError: anti-cliche blacklist phrase found: "no pressure at all"
social_001711 phase2_teacher_batch_validation_relaxed: ValueError: anti-cliche blacklist phrase found: "looking forward to it"
social_001713 phase2_teacher_batch_validation_relaxed: ValueError: Agree length out of range: 21 words (expected 2-18)
social_001718 phase2_teacher_batch_validation_relaxed: ValueError: replyStyles first clauses too similar (strategy not distinct)
social_001722 phase2_teacher_batch_validation_relaxed: ValueError: Soft Decline length out of range: 37 words (expected 5-24)
social_001725 phase2_teacher_batch_validation_relaxed: ValueError: Direct too long: 23 words (max 22)
social_001728 phase2_teacher_batch_validation_relaxed: ValueError: replyStyles first clauses too similar (strategy not distinct)
social_001730 phase2_teacher_batch_validation_relaxed: ValueError: Direct too long: 24 words (max 22)
social_001729 phase2_teacher_batch_validation_relaxed: ValueError: overly formal phrase found: "absolutely"
social_001735 phase2_teacher_batch_validation_relaxed: ValueError: suggestions too similar pairwise (max ratio 0.94)
social_001736 phase2_teacher_batch_validation_relaxed: ValueError: Direct too long: 26 words (max 22)
social_001737 phase2_teacher_batch_validation_relaxed: ValueError: replyStyles first clauses too similar (strategy not distinct)
social_001738 phase2_teacher_batch_validation_relaxed: ValueError: replyStyles first clauses too similar (strategy not distinct)
social_001739 phase2_teacher_batch_validation_relaxed: ValueError: overly formal phrase found: "absolutely"
social_001743 phase2_teacher_batch_validation_relaxed: ValueError: replyStyles first clauses too similar (strategy not distinct)
social_001745 phase2_teacher_batch_validation_relaxed: ValueError: replyStyles first clauses too similar (strategy not distinct)
social_001749 phase2_teacher_batch_validation_relaxed: ValueError: Delay length out of range: 23 words (expected 5-22)
social_001750 phase2_teacher_batch_validation_relaxed: ValueError: replyStyles first clauses too similar (strategy not distinct)
social_001752 phase2_teacher_batch_validation_relaxed: ValueError: replyStyles first clauses too similar (strategy not distinct)
social_001753 phase2_teacher_batch_validation_relaxed: ValueError: Agree length out of range: 31 words (expected 2-18)
social_001756 phase2_teacher_batch_validation_relaxed: ValueError: replyStyles first clauses too similar (strategy not distinct)
social_001759 phase2_teacher_batch_validation_relaxed: ValueError: replyStyles first clauses too similar (strategy not distinct)
social_001760 phase2_teacher_batch_validation_relaxed: ValueError: Agree length out of range: 20 words (expected 2-18)
social_001762 phase2_teacher_batch_validation_relaxed: ValueError: Agree length out of range: 19 words (expected 2-18)
social_001765 phase2_teacher_batch_validation_relaxed: ValueError: replyStyles first clauses too similar (strategy not distinct)
social_001766 phase2_teacher_batch_validation_relaxed: ValueError: Direct too long: 27 words (max 22)
social_001768 phase2_teacher_batch_validation_relaxed: ValueError: Delay length out of range: 25 words (expected 5-22)
social_001772 phase2_teacher_batch_validation_relaxed: ValueError: anti-cliche blacklist phrase found: "looking forward to it"
social_001774 phase2_teacher_batch_validation_relaxed: ValueError: replyStyles first clauses too similar (strategy not distinct)
social_001779 phase2_teacher_batch_validation_relaxed: ValueError: replyStyles first clauses too similar (strategy not distinct)
social_001781 phase2_teacher_batch_validation_relaxed: ValueError: replyStyles first clauses too similar (strategy not distinct)
social_001780 phase2_teacher_batch_validation_relaxed: ValueError: Thoughtful: single sentence only (no text after a period)
social_001782 phase2_teacher_batch_validation_relaxed: ValueError: replyStyles first clauses too similar (strategy not distinct)
social_001784 phase2_teacher_batch_validation_relaxed: ValueError: replyStyles first clauses too similar (strategy not distinct)
social_001787 phase2_teacher_batch_validation_relaxed: ValueError: anti-cliche blacklist phrase found: "looking forward to it"
social_001788 phase2_teacher_batch_validation_relaxed: ValueError: Agree length out of range: 21 words (expected 2-18)
social_001794 phase2_teacher_batch_validation_relaxed: ValueError: replyStyles first clauses too similar (strategy not distinct)
social_001795 phase2_teacher_batch_validation_relaxed: ValueError: anti-cliche blacklist phrase found: "looking forward to it"
social_001796 phase2_teacher_batch_validation_relaxed: ValueError: replyStyles first clauses too similar (strategy not distinct)
social_001803 phase2_teacher_batch_validation_relaxed: ValueError: replyStyles first clauses too similar (strategy not distinct)
social_001806 phase2_teacher_batch_validation_relaxed: ValueError: Direct too long: 23 words (max 22)
social_001807 phase2_teacher_batch_validation_relaxed: ValueError: replyStyles first clauses too similar (strategy not distinct)
social_001809 phase2_teacher_batch_validation_relaxed: ValueError: Direct too long: 25 words (max 22)
social_001810 phase2_teacher_batch_validation_relaxed: ValueError: overly formal phrase found: "absolutely"
social_001811 phase2_teacher_batch_validation_relaxed: ValueError: replyStyles first clauses too similar (strategy not distinct)
social_001813 phase2_teacher_batch_validation_relaxed: ValueError: Agree length out of range: 21 words (expected 2-18)
social_001817 phase2_teacher_batch_validation_relaxed: ValueError: Direct: no style-heavy slang (ngl/fr/lowkey/bet/...)
social_001821 phase2_teacher_batch_validation_relaxed: ValueError: replyStyles first clauses too similar (strategy not distinct)
social_001832 phase2_teacher_batch_validation_relaxed: ValueError: overly formal phrase found: "genuinely"
social_001834 phase2_teacher_batch_validation_relaxed: ValueError: Agree length out of range: 36 words (expected 2-18)
social_001838 phase2_teacher_batch_validation_relaxed: ValueError: Direct too long: 37 words (max 22)
social_001842 phase2_teacher_batch_validation_relaxed: ValueError: anti-cliche blacklist phrase found: "looking forward to it"
social_001845 phase2_teacher_batch_validation_relaxed: ValueError: replyStyles first clauses too similar (strategy not distinct)
social_001847 phase2_teacher_batch_validation_relaxed: ValueError: Direct too long: 25 words (max 22)
social_001849 phase2_teacher_batch_validation_relaxed: ValueError: replyStyles first clauses too similar (strategy not distinct)
social_001851 phase2_teacher_batch_validation_relaxed: ValueError: replyStyles first clauses too similar (strategy not distinct)
social_001856 phase2_teacher_batch_validation_relaxed: ValueError: replyStyles first clauses too similar (strategy not distinct)
social_001858 phase2_teacher_batch_validation_relaxed: ValueError: overly formal phrase found: "genuinely"
social_001862 phase2_teacher_batch_validation_relaxed: ValueError: replyStyles first clauses too similar (strategy not distinct)
social_001864 phase2_teacher_batch_validation_relaxed: ValueError: Friendly adds too many ungrounded details for risk=medium: ['afternoon', 'friday', 'morning', 'thursday'] (budget 3)
social_001865 phase2_teacher_batch_validation_relaxed: ValueError: Agree length out of range: 23 words (expected 2-18)
social_001870 phase2_teacher_batch: JSONDecodeError: Extra data: line 3 column 1 (char 533)
social_001871 phase2_teacher_batch_validation_relaxed: ValueError: Direct adds too many ungrounded details for risk=medium: ['afternoon', 'friday', 'morning', 'thursday'] (budget 3)
social_001872 phase2_teacher_batch_validation_relaxed: ValueError: replyStyles first clauses too similar (strategy not distinct)
social_001874 phase2_teacher_batch_validation_relaxed: ValueError: Agree length out of range: 44 words (expected 2-18)
social_001876 phase2_teacher_batch_validation_relaxed: ValueError: anti-cliche blacklist phrase found: "no pressure at all"
social_001878 phase2_teacher_batch_validation_relaxed: ValueError: Direct too long: 36 words (max 22)
social_001879 phase2_teacher_batch_validation_relaxed: ValueError: replyStyles first clauses too similar (strategy not distinct)
social_001888 phase2_teacher_batch_validation_relaxed: ValueError: replyStyles first clauses too similar (strategy not distinct)
social_001889 phase2_teacher_batch_validation_relaxed: ValueError: replyStyles first clauses too similar (strategy not distinct)
social_001897 phase2_teacher_batch_validation_relaxed: ValueError: overly formal phrase found: "genuinely"
social_001900 phase2_teacher_batch_validation_relaxed: ValueError: overly formal phrase found: "genuinely"
social_001905 phase2_teacher_batch_validation_relaxed: ValueError: replyStyles first clauses too similar (strategy not distinct)
social_001904 phase2_teacher_batch_validation_relaxed: ValueError: Direct too long: 23 words (max 22)
social_001907 phase2_teacher_batch_validation_relaxed: ValueError: overly formal phrase found: "genuinely"
social_001908 phase2_teacher_batch_validation_relaxed: ValueError: replyStyles first clauses too similar (strategy not distinct)
social_001909 phase2_teacher_batch_validation_relaxed: ValueError: replyStyles first clauses too similar (strategy not distinct)
social_001911 phase2_teacher_batch_validation_relaxed: ValueError: replyStyles first clauses too similar (strategy not distinct)
social_001913 phase2_teacher_batch_validation_relaxed: ValueError: replyStyles first clauses too similar (strategy not distinct)
social_001919 phase2_teacher_batch_validation_relaxed: ValueError: overly formal phrase found: "genuinely"
social_001920 phase2_teacher_batch_validation_relaxed: ValueError: Delay length out of range: 24 words (expected 5-22)
social_001925 phase2_teacher_batch: JSONDecodeError: Extra data: line 3 column 1 (char 583)
social_001926 phase2_teacher_batch_validation_relaxed: ValueError: replyStyles first clauses too similar (strategy not distinct)
social_001929 phase2_teacher_batch_validation_relaxed: ValueError: replyStyles first clauses too similar (strategy not distinct)
social_001934 phase2_teacher_batch_validation_relaxed: ValueError: replyStyles first clauses too similar (strategy not distinct)
social_001935 phase2_teacher_batch_validation_relaxed: ValueError: Delay length out of range: 25 words (expected 5-22)
social_001936 phase2_teacher_batch_validation_relaxed: ValueError: Direct too long: 23 words (max 22)
social_001938 phase2_teacher_batch_validation_relaxed: ValueError: replyStyles first clauses too similar (strategy not distinct)
social_001943 phase2_teacher_batch_validation_relaxed: ValueError: Friendly too long: 29 words (max 28)
social_001944 phase2_teacher_batch_validation_relaxed: ValueError: replyStyles first clauses too similar (strategy not distinct)
social_001949 phase2_teacher_batch_validation_relaxed: ValueError: replyStyles first clauses too similar (strategy not distinct)
social_001951 phase2_teacher_batch_validation_relaxed: ValueError: replyStyles first clauses too similar (strategy not distinct)
social_001954 phase2_teacher_batch_validation_relaxed: ValueError: replyStyles first clauses too similar (strategy not distinct)
social_001957 phase2_teacher_batch_validation_relaxed: ValueError: replyStyles first clauses too similar (strategy not distinct)
social_001960 phase2_teacher_batch_validation_relaxed: ValueError: replyStyles first clauses too similar (strategy not distinct)
social_001967 phase2_teacher_batch_validation_relaxed: ValueError: anti-cliche blacklist phrase found: "looking forward to it"
social_001968 phase2_teacher_batch_validation_relaxed: ValueError: Direct too long: 30 words (max 22)
social_001970 phase2_teacher_batch_validation_relaxed: ValueError: replyStyles first clauses too similar (strategy not distinct)
social_001972 phase2_teacher_batch_validation_relaxed: ValueError: Direct too long: 23 words (max 22)
social_001987 phase2_teacher_batch_validation_relaxed: ValueError: replyStyles first clauses too similar (strategy not distinct)
social_001988 phase2_teacher_batch_validation_relaxed: ValueError: replyStyles first clauses too similar (strategy not distinct)
social_001990 phase2_teacher_batch_validation_relaxed: ValueError: anti-cliche blacklist phrase found: "looking forward to it"
social_001991 phase2_teacher_batch_validation_relaxed: ValueError: replyStyles first clauses too similar (strategy not distinct)
social_001996 phase2_teacher_batch_validation_relaxed: ValueError: replyStyles first clauses too similar (strategy not distinct)
